[softnio.com/index.html]
[softnio.com/xmlrpc.php]
[backblue.gif]
[fade.gif]
[index.html]
[softnio.com/wp-content/cache/wpfc-minified/70d1q3qa/br6vr.css]
[softnio.com/wp-content/cache/wpfc-minified/8yv973jq/br6vr.js]
[softnio.com/comments/feed/index.html]
[softnio.com/feed/index.html]
[softnio.com/wp-content/cache/wpfc-minified/3kifn2t/br6vr.js]
[softnio.com/wp-json/oembed/1.0/embedcb74.json]
[softnio.com/wp-json/oembed/1.0/embed421c]
[softnio.com/wp-content/themes/scnio/assets/favicon.ico]
[www.google-analytics.com/analytics.js]
[softnio.com/wp-content/themes/scnio/assets/images/logo.png]
[softnio.com/wp-json/index.html]
[softnio.com/what-we-do/index.html]
[softnio.com/what-we-do/web-development/index.html]
[softnio.com/what-we-do/websites-design/index.html]
[softnio.com/about/index.html]
[softnio.com/what-we-do/ecommerce-website/index.html]
[softnio.com/wp-content/uploads/2016/12/softnio-creative-agency.jpg]
[softnio.com/what-we-do/ui-ux-design/index.html]
[softnio.com/what-we-do/branding-design/index.html]
[softnio.com/wp-content/themes/scnio/assets/svgs/web.svg]
[softnio.com/wp-content/themes/scnio/assets/svgs/eshop.svg]
[softnio.com/wp-content/themes/scnio/assets/svgs/design.svg]
[softnio.com/contact/index.html]
[softnio.com/wp-content/themes/scnio/assets/svgs/apps.svg]
[softnio.com/career/index.html]
[softnio.com/wp-content/uploads/2016/12/client-says.jpg]
[softnio.com/wp-content/cache/wpfc-minified/jxffsnnv/br6vr.css]
[softnio.com/wp-includes/js/dist/hooks.min4fdd.js]
[softnio.com/wp-includes/js/dist/i18n.minc33c.js]
[softnio.com/wp-includes/js/jquery/jquery.form.minb2f9.js]
[softnio.com/wp-content/themes/scnio/assets/js/jquery.pluginsf269.js]
[softnio.com/wp-content/themes/scnio/assets/js/jquery.waypointsf39e.js]
[softnio.com/wp-content/themes/scnio/assets/js/nio.pluginsf269.js]
[softnio.com/wp-content/themes/scnio/assets/js/nio.initf488.js]
[softnio.com/wp-content/uploads/2016/12/softnio-design-process.jpg]
[softnio.com/index.html]
[softnio.com/xmlrpc.html]
[softnio.com/wp-content/plugins/download-manager/assets/fontawesome/webfonts/fa-brands-400.woff2]
[softnio.com/wp-content/plugins/download-manager/assets/images/plus.svg]
[softnio.com/wp-content/plugins/download-manager/assets/images/sort.svg]
[softnio.com/wp-content/plugins/download-manager/assets/images/loader.svg]
[softnio.com/wp-content/themes/scnio/assets/images/dots.png]
[softnio.com/wp-content/themes/scnio/assets/images/web-design.svg]
[softnio.com/wp-content/themes/scnio/assets/images/ecom-site.svg]
[softnio.com/wp-content/themes/scnio/assets/images/error-monitor.png]
[softnio.com/wp-content/themes/scnio/assets/svgs/shapes-a.svg]
[softnio.com/wp-content/themes/scnio/assets/svgs/shapes-e.svg]
[softnio.com/wp-content/themes/scnio/assets/svgs/shapes-d.svg]
[softnio.com/wp-content/themes/scnio/assets/svgs/shapes-c.svg]
[softnio.com/wp-content/themes/scnio/assets/svgs/shapes-f.svg]
[softnio.com/wp-content/cache/wpfc-minified/70d1q3qa/br6vr.css]
[softnio.com/wp-json/wp/v2/pages/2.json]
[softnio.com/wp-content/themes/scnio/assets/svgs/liner.svg]
[softnio.com/wp-json/oembed/1.0/embed6e0b.json]
[softnio.com/wp-json/oembed/1.0/embed030c]
[softnio.com/wp-content/uploads/2016/12/about-softnio.jpg]
[softnio.com/wp-content/themes/scnio/assets/svgs/creativity.svg]
[softnio.com/wp-content/themes/scnio/assets/svgs/teamwork.svg]
[softnio.com/wp-content/themes/scnio/assets/svgs/honesty.svg]
[softnio.com/wp-content/themes/scnio/assets/svgs/passion.svg]
[softnio.com/wp-content/themes/scnio/assets/svgs/quality.svg]
[softnio.com/wp-content/themes/scnio/assets/svgs/simple.svg]
[softnio.com/wp-content/themes/scnio/assets/svgs/better.svg]
[softnio.com/wp-content/themes/scnio/assets/svgs/learning.svg]
[softnio.com/wp-content/uploads/2016/12/softnio-working-global.png]
[softnio.com/wp-content/uploads/2016/12/softnio-team-member.jpg]
[softnio.com/about/index.html]
[softnio.com/wp-json/oembed/1.0/embed8453.json]
[softnio.com/wp-json/oembed/1.0/embed4794]
[softnio.com/wp-content/uploads/2016/12/services-at-softnio.jpg]
[softnio.com/wp-content/themes/scnio/assets/svgs/development.svg]
[softnio.com/wp-content/themes/scnio/assets/svgs/designing.svg]
[softnio.com/wp-content/themes/scnio/assets/svgs/uiux.svg]
[softnio.com/wp-content/themes/scnio/assets/svgs/ecommerce.svg]
[softnio.com/wp-content/themes/scnio/assets/svgs/branding.svg]
[softnio.com/wp-content/themes/scnio/assets/svgs/process-x1.svg]
[softnio.com/wp-content/themes/scnio/assets/svgs/process-x2.svg]
[softnio.com/wp-content/themes/scnio/assets/svgs/process-x3.svg]
[softnio.com/wp-content/themes/scnio/assets/svgs/process-x4.svg]
[softnio.com/what-we-do/index.html]
[softnio.com/wp-content/themes/scnio/assets/svgs/process-x5.svg]
[softnio.com/wp-json/oembed/1.0/embedd877.json]
[softnio.com/wp-json/oembed/1.0/embedcb7a]
[softnio.com/wp-content/uploads/2016/12/softnio-web-development.jpg]
[softnio.com/wp-content/themes/scnio/assets/svgs/web-x1.svg]
[softnio.com/wp-content/themes/scnio/assets/svgs/web-x2.svg]
[softnio.com/wp-content/themes/scnio/assets/svgs/web-x3.svg]
[softnio.com/wp-content/themes/scnio/assets/svgs/web-x4.svg]
[softnio.com/wp-content/themes/scnio/assets/svgs/web-x5.svg]
[softnio.com/wp-content/themes/scnio/assets/svgs/web-x6.svg]
[softnio.com/wp-content/themes/scnio/assets/svgs/web-x7.svg]
[softnio.com/wp-content/themes/scnio/assets/svgs/web-x8.svg]
[softnio.com/wp-content/themes/scnio/assets/svgs/web-x9.svg]
[softnio.com/wp-content/themes/scnio/assets/svgs/web-x10.svg]
[softnio.com/wp-content/themes/scnio/assets/svgs/web-x11.svg]
[softnio.com/wp-content/themes/scnio/assets/svgs/web-x12.svg]
[softnio.com/wp-content/uploads/2016/12/responsive-website-tracky.png]
[softnio.com/what-we-do/web-development/index.html]
[softnio.com/wp-json/oembed/1.0/embeddb10.json]
[softnio.com/wp-json/oembed/1.0/embed0a91]
[softnio.com/wp-content/uploads/2016/12/softnio-web-design.jpg]
[softnio.com/wp-content/themes/scnio/assets/svgs/design-x1.svg]
[softnio.com/wp-content/themes/scnio/assets/svgs/design-x2.svg]
[softnio.com/wp-content/themes/scnio/assets/svgs/design-x3.svg]
[softnio.com/wp-content/themes/scnio/assets/svgs/design-x4.svg]
[softnio.com/wp-content/themes/scnio/assets/svgs/design-x5.svg]
[softnio.com/wp-content/themes/scnio/assets/svgs/design-x6.svg]
[softnio.com/wp-content/themes/scnio/assets/svgs/design-x7.svg]
[softnio.com/wp-content/themes/scnio/assets/svgs/design-x8.svg]
[softnio.com/wp-content/uploads/2016/12/softnio-website.jpg]
[softnio.com/what-we-do/websites-design/index.html]
[softnio.com/wp-content/uploads/2016/12/tranship-psd-design-template.jpg]
[softnio.com/wp-json/oembed/1.0/embedeff1.json]
[softnio.com/wp-json/oembed/1.0/embedca42]
[softnio.com/wp-content/uploads/2016/12/softnio-ecommerce-website-development.jpg]
[softnio.com/wp-content/themes/scnio/assets/svgs/estore-x1.svg]
[softnio.com/wp-content/themes/scnio/assets/svgs/estore-x2.svg]
[softnio.com/wp-content/themes/scnio/assets/svgs/estore-x3.svg]
[softnio.com/wp-content/themes/scnio/assets/svgs/estore-x4.svg]
[softnio.com/wp-content/uploads/2016/12/woo-commerce.png]
[softnio.com/wp-content/uploads/2016/12/shopify.png]
[softnio.com/wp-content/uploads/2016/12/big-commerce.png]
[softnio.com/what-we-do/ecommerce-website/index.html]
[softnio.com/wp-json/oembed/1.0/embed71a6.json]
[softnio.com/wp-json/oembed/1.0/embedb65e]
[softnio.com/wp-content/uploads/2016/12/softnio-ui-ux-design.jpg]
[softnio.com/wp-content/themes/scnio/assets/svgs/uiux-x1.svg]
[softnio.com/wp-content/themes/scnio/assets/svgs/uiux-x2.svg]
[softnio.com/wp-content/themes/scnio/assets/svgs/uiux-x3.svg]
[softnio.com/wp-content/themes/scnio/assets/svgs/uiux-x4.svg]
[softnio.com/wp-content/themes/scnio/assets/svgs/uiux-x5.svg]
[softnio.com/wp-content/themes/scnio/assets/svgs/uiux-x6.svg]
[softnio.com/wp-content/uploads/2016/12/softnio-ui-ux.png]
[softnio.com/wp-content/uploads/2016/12/ui-ux-design.jpg]
[softnio.com/what-we-do/ui-ux-design/index.html]
[softnio.com/wp-json/oembed/1.0/embed6713.json]
[softnio.com/wp-json/oembed/1.0/embed770f]
[softnio.com/wp-content/uploads/2016/12/softnio-branding-design-service.jpg]
[softnio.com/wp-content/themes/scnio/assets/svgs/brand-x1.svg]
[softnio.com/wp-content/themes/scnio/assets/svgs/brand-x2.svg]
[softnio.com/wp-content/themes/scnio/assets/svgs/brand-x3.svg]
[softnio.com/wp-content/themes/scnio/assets/svgs/brand-x4.svg]
[softnio.com/wp-content/uploads/2016/12/working-on-branding-design.jpg]
[softnio.com/what-we-do/branding-design/index.html]
[softnio.com/wp-json/oembed/1.0/embed7741.json]
[softnio.com/wp-json/oembed/1.0/embedd022]
[softnio.com/wp-content/uploads/2016/12/softnio-career.jpg]
[softnio.com/wp-content/themes/scnio/assets/svgs/career-x1.svg]
[softnio.com/wp-content/themes/scnio/assets/svgs/career-x2.svg]
[softnio.com/wp-content/themes/scnio/assets/svgs/career-x3.svg]
[softnio.com/wp-content/themes/scnio/assets/svgs/career-x4.svg]
[softnio.com/wp-content/themes/scnio/assets/svgs/career-x5.svg]
[softnio.com/career/index.html]
[softnio.com/wp-content/themes/scnio/assets/svgs/career-x6.svg]
[softnio.com/wp-content/cache/wpfc-minified/9a6otbjk/bxdgj.css]
[softnio.com/wp-content/plugins/gravityforms/js/jquery.json.min8ee3.js]
[softnio.com/wp-content/cache/wpfc-minified/jztv96eh/bxdgj.js]
[softnio.com/wp-content/cache/wpfc-minified/mlb1b2x6/bxdgj.js]
[www.google.com/recaptcha/api085f.js]
[softnio.com/wp-content/cache/wpfc-minified/k1jmiiis/bxdgj.js]
[softnio.com/wp-json/oembed/1.0/embed2e4b.json]
[softnio.com/wp-json/oembed/1.0/embed24de]
[softnio.com/wp-content/uploads/2016/12/softnio-contact-us.jpg]
[softnio.com/wp-content/plugins/gravityforms/images/spinner.svg]
[softnio.com/wp-includes/js/dist/dom-ready.min5346.js]
[softnio.com/contact-to-buy/index.html]
[softnio.com/wp-includes/js/dist/a11y.min3f73.js]
[softnio.com/wp-content/plugins/gravityforms/js/placeholders.jquery.min8ee3.js]
[softnio.com/wp-content/plugins/gravityforms/assets/js/dist/vendor-theme.minca9e.js]
[softnio.com/wp-content/plugins/gravityforms/assets/js/dist/scripts-theme.min00af.js]
[softnio.com/contact/index.html]
[softnio.com/wp-content/themes/scnio/assets/svgs/web.svg]
[softnio.com/wp-content/themes/scnio/assets/svgs/eshop.svg]
[softnio.com/wp-content/themes/scnio/assets/svgs/design.svg]
[softnio.com/wp-content/themes/scnio/assets/svgs/apps.svg]
[softnio.com/wp-content/cache/wpfc-minified/jxffsnnv/br6vr.css]
[softnio.com/wp-admin/admin-ajax.html]
[softnio.com/wp-content/plugins/download-manager/assets/images/plus.svg]
[softnio.com/wp-content/plugins/download-manager/assets/images/sort.svg]
[softnio.com/wp-content/plugins/download-manager/assets/images/loader.svg]
[softnio.com/wp-content/themes/scnio/assets/images/web-design.svg]
[softnio.com/wp-content/themes/scnio/assets/images/ecom-site.svg]
[softnio.com/wp-content/themes/scnio/assets/svgs/shapes-a.svg]
[softnio.com/wp-content/themes/scnio/assets/svgs/shapes-e.svg]
[softnio.com/wp-content/themes/scnio/assets/svgs/shapes-d.svg]
[softnio.com/wp-content/themes/scnio/assets/svgs/shapes-c.svg]
[softnio.com/wp-content/themes/scnio/assets/svgs/shapes-f.svg]
[softnio.com/wp-content/themes/scnio/assets/svgs/liner.svg]
[softnio.com/wp-json/wp/v2/pages/7.json]
[softnio.com/indexc4f7.html]
[softnio.com/wp-content/themes/scnio/assets/svgs/creativity.svg]
[softnio.com/wp-content/themes/scnio/assets/svgs/teamwork.svg]
[softnio.com/wp-content/themes/scnio/assets/svgs/honesty.svg]
[softnio.com/wp-content/themes/scnio/assets/svgs/passion.svg]
[softnio.com/wp-content/themes/scnio/assets/svgs/quality.svg]
[softnio.com/wp-content/themes/scnio/assets/svgs/simple.svg]
[softnio.com/wp-content/themes/scnio/assets/svgs/better.svg]
[softnio.com/wp-content/themes/scnio/assets/svgs/learning.svg]
[softnio.com/wp-json/wp/v2/pages/11.json]
[softnio.com/index5757.html]
[softnio.com/wp-content/themes/scnio/assets/svgs/development.svg]
[softnio.com/wp-content/themes/scnio/assets/svgs/designing.svg]
[softnio.com/what-we-do/website-design/index.html]
[softnio.com/wp-content/themes/scnio/assets/svgs/uiux.svg]
[softnio.com/wp-content/themes/scnio/assets/svgs/ecommerce.svg]
[softnio.com/wp-content/themes/scnio/assets/svgs/branding.svg]
[softnio.com/wp-content/themes/scnio/assets/svgs/process-x1.svg]
[softnio.com/wp-content/themes/scnio/assets/svgs/process-x2.svg]
[softnio.com/wp-content/themes/scnio/assets/svgs/process-x3.svg]
[softnio.com/wp-content/themes/scnio/assets/svgs/process-x4.svg]
[softnio.com/wp-content/themes/scnio/assets/svgs/process-x5.svg]
[softnio.com/wp-json/wp/v2/pages/99.json]
[softnio.com/index5401.html]
[softnio.com/wp-content/themes/scnio/assets/svgs/web-x1.svg]
[softnio.com/wp-content/themes/scnio/assets/svgs/web-x2.svg]
[softnio.com/wp-content/themes/scnio/assets/svgs/web-x3.svg]
[softnio.com/wp-content/themes/scnio/assets/svgs/web-x4.svg]
[softnio.com/wp-content/themes/scnio/assets/svgs/web-x5.svg]
[softnio.com/wp-content/themes/scnio/assets/svgs/web-x6.svg]
[softnio.com/wp-content/themes/scnio/assets/svgs/web-x7.svg]
[softnio.com/wp-content/themes/scnio/assets/svgs/web-x8.svg]
[softnio.com/wp-content/themes/scnio/assets/svgs/web-x9.svg]
[softnio.com/wp-content/themes/scnio/assets/svgs/web-x10.svg]
[softnio.com/wp-content/themes/scnio/assets/svgs/web-x11.svg]
[softnio.com/wp-content/themes/scnio/assets/svgs/web-x12.svg]
[softnio.com/wp-json/wp/v2/pages/98.json]
[softnio.com/indexb6ad.html]
[softnio.com/wp-content/themes/scnio/assets/svgs/design-x1.svg]
[softnio.com/wp-content/themes/scnio/assets/svgs/design-x2.svg]
[softnio.com/wp-content/themes/scnio/assets/svgs/design-x3.svg]
[softnio.com/wp-content/themes/scnio/assets/svgs/design-x4.svg]
[softnio.com/wp-content/themes/scnio/assets/svgs/design-x5.svg]
[softnio.com/wp-content/themes/scnio/assets/svgs/design-x6.svg]
[softnio.com/wp-content/themes/scnio/assets/svgs/design-x7.svg]
[softnio.com/wp-content/themes/scnio/assets/svgs/design-x8.svg]
[softnio.com/wp-json/wp/v2/pages/100.json]
[softnio.com/index3f5a.html]
[softnio.com/wp-content/themes/scnio/assets/svgs/estore-x1.svg]
[softnio.com/wp-content/themes/scnio/assets/svgs/estore-x2.svg]
[softnio.com/wp-content/themes/scnio/assets/svgs/estore-x3.svg]
[softnio.com/wp-content/themes/scnio/assets/svgs/estore-x4.svg]
[softnio.com/wp-json/wp/v2/pages/102.json]
[softnio.com/indexc5eb.html]
[softnio.com/wp-content/themes/scnio/assets/svgs/uiux-x1.svg]
[softnio.com/wp-content/themes/scnio/assets/svgs/uiux-x2.svg]
[softnio.com/wp-content/themes/scnio/assets/svgs/uiux-x3.svg]
[softnio.com/wp-content/themes/scnio/assets/svgs/uiux-x4.svg]
[softnio.com/wp-content/themes/scnio/assets/svgs/uiux-x5.svg]
[softnio.com/wp-content/themes/scnio/assets/svgs/uiux-x6.svg]
[softnio.com/wp-json/wp/v2/pages/108.json]
[softnio.com/index460d.html]
[softnio.com/wp-content/themes/scnio/assets/svgs/brand-x1.svg]
[softnio.com/wp-content/themes/scnio/assets/svgs/brand-x2.svg]
[softnio.com/wp-content/themes/scnio/assets/svgs/brand-x3.svg]
[softnio.com/wp-content/themes/scnio/assets/svgs/brand-x4.svg]
[softnio.com/wp-json/wp/v2/pages/14.json]
[softnio.com/index0b69.html]
[softnio.com/wp-content/themes/scnio/assets/svgs/career-x1.svg]
[softnio.com/wp-content/themes/scnio/assets/svgs/career-x2.svg]
[softnio.com/wp-content/themes/scnio/assets/svgs/career-x3.svg]
[softnio.com/wp-content/themes/scnio/assets/svgs/career-x4.svg]
[softnio.com/wp-content/themes/scnio/assets/svgs/career-x5.svg]
[softnio.com/wp-content/themes/scnio/assets/svgs/career-x6.svg]
[softnio.com/wp-content/themes/scnio/assets/fonts/fontawesome-webfont3e6e.eot]
[softnio.com/wp-content/cache/wpfc-minified/9a6otbjk/bxdgj.css]
[softnio.com/wp-json/wp/v2/pages/15.json]
[softnio.com/indexa1ca.html]
[softnio.com/contact-to-buy/index.html]
[softnio.com/wp-content/plugins/gravityforms/images/spinner.svg]
[softnio.com/wp-content/plugins/gravityforms/images/gf-creditcards.svg]
[softnio.com/wp-content/plugins/gravityforms/images/gf-creditcards.svg]
